Archive member included to satisfy reference by file (symbol)

../libopencm3/lib/libopencm3_stm32g4.a(gpio_common_all.o)
                              src/firmware.o (gpio_toggle)
../libopencm3/lib/libopencm3_stm32g4.a(gpio_common_f0234.o)
                              src/firmware.o (gpio_mode_setup)
../libopencm3/lib/libopencm3_stm32g4.a(rcc.o)
                              src/firmware.o (rcc_clock_setup_pll)
../libopencm3/lib/libopencm3_stm32g4.a(rcc_common_all.o)
                              src/firmware.o (rcc_periph_clock_enable)
../libopencm3/lib/libopencm3_stm32g4.a(vector.o)
                              (reset_handler)
../libopencm3/lib/libopencm3_stm32g4.a(assert.o)
                              ../libopencm3/lib/libopencm3_stm32g4.a(rcc.o) (cm3_assert_failed)
../libopencm3/lib/libopencm3_stm32g4.a(flash_common_all.o)
                              ../libopencm3/lib/libopencm3_stm32g4.a(rcc.o) (flash_set_ws)
../libopencm3/lib/libopencm3_stm32g4.a(flash_common_idcache.o)
                              ../libopencm3/lib/libopencm3_stm32g4.a(rcc.o) (flash_dcache_enable)
../libopencm3/lib/libopencm3_stm32g4.a(pwr.o)
                              ../libopencm3/lib/libopencm3_stm32g4.a(rcc.o) (pwr_set_vos_scale)

Discarded input sections

 .group         0x00000000        0xc src/firmware.o
 .group         0x00000000        0xc src/firmware.o
 .group         0x00000000        0xc src/firmware.o
 .group         0x00000000        0xc src/firmware.o
 .group         0x00000000        0xc src/firmware.o
 .group         0x00000000        0xc src/firmware.o
 .group         0x00000000        0xc src/firmware.o
 .group         0x00000000        0xc src/firmware.o
 .group         0x00000000        0xc src/firmware.o
 .group         0x00000000        0xc src/firmware.o
 .group         0x00000000        0xc src/firmware.o
 .group         0x00000000        0xc src/firmware.o
 .group         0x00000000        0xc src/firmware.o
 .group         0x00000000        0xc src/firmware.o
 .group         0x00000000        0xc src/firmware.o
 .group         0x00000000        0xc src/firmware.o
 .group         0x00000000        0xc src/firmware.o
 .group         0x00000000        0xc src/firmware.o
 .group         0x00000000        0xc src/firmware.o
 .group         0x00000000        0xc src/firmware.o
 .group         0x00000000        0xc src/firmware.o
 .text          0x00000000        0x0 src/firmware.o
 .data          0x00000000        0x0 src/firmware.o
 .bss           0x00000000        0x0 src/firmware.o
 .group         0x00000000        0xc ../libopencm3/lib/libopencm3_stm32g4.a(gpio_common_all.o)
 .group         0x00000000        0xc ../libopencm3/lib/libopencm3_stm32g4.a(gpio_common_all.o)
 .group         0x00000000        0xc ../libopencm3/lib/libopencm3_stm32g4.a(gpio_common_all.o)
 .group         0x00000000        0xc ../libopencm3/lib/libopencm3_stm32g4.a(gpio_common_all.o)
 .group         0x00000000        0xc ../libopencm3/lib/libopencm3_stm32g4.a(gpio_common_all.o)
 .group         0x00000000        0xc ../libopencm3/lib/libopencm3_stm32g4.a(gpio_common_all.o)
 .group         0x00000000        0xc ../libopencm3/lib/libopencm3_stm32g4.a(gpio_common_all.o)
 .group         0x00000000        0xc ../libopencm3/lib/libopencm3_stm32g4.a(gpio_common_all.o)
 .group         0x00000000        0xc ../libopencm3/lib/libopencm3_stm32g4.a(gpio_common_all.o)
 .group         0x00000000        0xc ../libopencm3/lib/libopencm3_stm32g4.a(gpio_common_all.o)
 .group         0x00000000        0xc ../libopencm3/lib/libopencm3_stm32g4.a(gpio_common_all.o)
 .group         0x00000000        0xc ../libopencm3/lib/libopencm3_stm32g4.a(gpio_common_all.o)
 .group         0x00000000        0xc ../libopencm3/lib/libopencm3_stm32g4.a(gpio_common_all.o)
 .group         0x00000000        0xc ../libopencm3/lib/libopencm3_stm32g4.a(gpio_common_all.o)
 .group         0x00000000        0xc ../libopencm3/lib/libopencm3_stm32g4.a(gpio_common_all.o)
 .group         0x00000000        0xc ../libopencm3/lib/libopencm3_stm32g4.a(gpio_common_all.o)
 .text          0x00000000        0x0 ../libopencm3/lib/libopencm3_stm32g4.a(gpio_common_all.o)
 .data          0x00000000        0x0 ../libopencm3/lib/libopencm3_stm32g4.a(gpio_common_all.o)
 .bss           0x00000000        0x0 ../libopencm3/lib/libopencm3_stm32g4.a(gpio_common_all.o)
 .text.gpio_set
                0x00000000        0x4 ../libopencm3/lib/libopencm3_stm32g4.a(gpio_common_all.o)
 .text.gpio_clear
                0x00000000        0x6 ../libopencm3/lib/libopencm3_stm32g4.a(gpio_common_all.o)
 .text.gpio_get
                0x00000000        0x6 ../libopencm3/lib/libopencm3_stm32g4.a(gpio_common_all.o)
 .text.gpio_port_read
                0x00000000        0x6 ../libopencm3/lib/libopencm3_stm32g4.a(gpio_common_all.o)
 .text.gpio_port_write
                0x00000000        0x4 ../libopencm3/lib/libopencm3_stm32g4.a(gpio_common_all.o)
 .text.gpio_port_config_lock
                0x00000000       0x10 ../libopencm3/lib/libopencm3_stm32g4.a(gpio_common_all.o)
 .debug_macro   0x00000000      0xacc ../libopencm3/lib/libopencm3_stm32g4.a(gpio_common_all.o)
 .debug_macro   0x00000000       0x1c ../libopencm3/lib/libopencm3_stm32g4.a(gpio_common_all.o)
 .debug_macro   0x00000000       0x22 ../libopencm3/lib/libopencm3_stm32g4.a(gpio_common_all.o)
 .debug_macro   0x00000000       0x56 ../libopencm3/lib/libopencm3_stm32g4.a(gpio_common_all.o)
 .debug_macro   0x00000000       0x51 ../libopencm3/lib/libopencm3_stm32g4.a(gpio_common_all.o)
 .debug_macro   0x00000000      0x103 ../libopencm3/lib/libopencm3_stm32g4.a(gpio_common_all.o)
 .debug_macro   0x00000000       0x6a ../libopencm3/lib/libopencm3_stm32g4.a(gpio_common_all.o)
 .debug_macro   0x00000000      0x1df ../libopencm3/lib/libopencm3_stm32g4.a(gpio_common_all.o)
 .debug_macro   0x00000000       0x22 ../libopencm3/lib/libopencm3_stm32g4.a(gpio_common_all.o)
 .debug_macro   0x00000000       0xe8 ../libopencm3/lib/libopencm3_stm32g4.a(gpio_common_all.o)
 .debug_macro   0x00000000       0x76 ../libopencm3/lib/libopencm3_stm32g4.a(gpio_common_all.o)
 .debug_macro   0x00000000      0x259 ../libopencm3/lib/libopencm3_stm32g4.a(gpio_common_all.o)
 .debug_macro   0x00000000       0x76 ../libopencm3/lib/libopencm3_stm32g4.a(gpio_common_all.o)
 .debug_macro   0x00000000      0x37e ../libopencm3/lib/libopencm3_stm32g4.a(gpio_common_all.o)
 .debug_macro   0x00000000       0xca ../libopencm3/lib/libopencm3_stm32g4.a(gpio_common_all.o)
 .debug_macro   0x00000000       0x52 ../libopencm3/lib/libopencm3_stm32g4.a(gpio_common_all.o)
 .group         0x00000000        0xc ../libopencm3/lib/libopencm3_stm32g4.a(gpio_common_f0234.o)
 .group         0x00000000        0xc ../libopencm3/lib/libopencm3_stm32g4.a(gpio_common_f0234.o)
 .group         0x00000000        0xc ../libopencm3/lib/libopencm3_stm32g4.a(gpio_common_f0234.o)
 .group         0x00000000        0xc ../libopencm3/lib/libopencm3_stm32g4.a(gpio_common_f0234.o)
 .group         0x00000000        0xc ../libopencm3/lib/libopencm3_stm32g4.a(gpio_common_f0234.o)
 .group         0x00000000        0xc ../libopencm3/lib/libopencm3_stm32g4.a(gpio_common_f0234.o)
 .group         0x00000000        0xc ../libopencm3/lib/libopencm3_stm32g4.a(gpio_common_f0234.o)
 .group         0x00000000        0xc ../libopencm3/lib/libopencm3_stm32g4.a(gpio_common_f0234.o)
 .group         0x00000000        0xc ../libopencm3/lib/libopencm3_stm32g4.a(gpio_common_f0234.o)
 .group         0x00000000        0xc ../libopencm3/lib/libopencm3_stm32g4.a(gpio_common_f0234.o)
 .group         0x00000000        0xc ../libopencm3/lib/libopencm3_stm32g4.a(gpio_common_f0234.o)
 .group         0x00000000        0xc ../libopencm3/lib/libopencm3_stm32g4.a(gpio_common_f0234.o)
 .group         0x00000000        0xc ../libopencm3/lib/libopencm3_stm32g4.a(gpio_common_f0234.o)
 .group         0x00000000        0xc ../libopencm3/lib/libopencm3_stm32g4.a(gpio_common_f0234.o)
 .group         0x00000000        0xc ../libopencm3/lib/libopencm3_stm32g4.a(gpio_common_f0234.o)
 .group         0x00000000        0xc ../libopencm3/lib/libopencm3_stm32g4.a(gpio_common_f0234.o)
 .text          0x00000000        0x0 ../libopencm3/lib/libopencm3_stm32g4.a(gpio_common_f0234.o)
 .data          0x00000000        0x0 ../libopencm3/lib/libopencm3_stm32g4.a(gpio_common_f0234.o)
 .bss           0x00000000        0x0 ../libopencm3/lib/libopencm3_stm32g4.a(gpio_common_f0234.o)
 .text.gpio_set_output_options
                0x00000000       0x36 ../libopencm3/lib/libopencm3_stm32g4.a(gpio_common_f0234.o)
 .text.gpio_set_af
                0x00000000       0x58 ../libopencm3/lib/libopencm3_stm32g4.a(gpio_common_f0234.o)
 .debug_macro   0x00000000      0xacc ../libopencm3/lib/libopencm3_stm32g4.a(gpio_common_f0234.o)
 .debug_macro   0x00000000       0x1c ../libopencm3/lib/libopencm3_stm32g4.a(gpio_common_f0234.o)
 .debug_macro   0x00000000       0x22 ../libopencm3/lib/libopencm3_stm32g4.a(gpio_common_f0234.o)
 .debug_macro   0x00000000       0x56 ../libopencm3/lib/libopencm3_stm32g4.a(gpio_common_f0234.o)
 .debug_macro   0x00000000       0x51 ../libopencm3/lib/libopencm3_stm32g4.a(gpio_common_f0234.o)
 .debug_macro   0x00000000      0x103 ../libopencm3/lib/libopencm3_stm32g4.a(gpio_common_f0234.o)
 .debug_macro   0x00000000       0x6a ../libopencm3/lib/libopencm3_stm32g4.a(gpio_common_f0234.o)
 .debug_macro   0x00000000      0x1df ../libopencm3/lib/libopencm3_stm32g4.a(gpio_common_f0234.o)
 .debug_macro   0x00000000       0x22 ../libopencm3/lib/libopencm3_stm32g4.a(gpio_common_f0234.o)
 .debug_macro   0x00000000       0xe8 ../libopencm3/lib/libopencm3_stm32g4.a(gpio_common_f0234.o)
 .debug_macro   0x00000000       0x76 ../libopencm3/lib/libopencm3_stm32g4.a(gpio_common_f0234.o)
 .debug_macro   0x00000000      0x259 ../libopencm3/lib/libopencm3_stm32g4.a(gpio_common_f0234.o)
 .debug_macro   0x00000000       0x76 ../libopencm3/lib/libopencm3_stm32g4.a(gpio_common_f0234.o)
 .debug_macro   0x00000000      0x37e ../libopencm3/lib/libopencm3_stm32g4.a(gpio_common_f0234.o)
 .debug_macro   0x00000000       0xca ../libopencm3/lib/libopencm3_stm32g4.a(gpio_common_f0234.o)
 .debug_macro   0x00000000       0x52 ../libopencm3/lib/libopencm3_stm32g4.a(gpio_common_f0234.o)
 .group         0x00000000        0xc ../libopencm3/lib/libopencm3_stm32g4.a(rcc.o)
 .group         0x00000000        0xc ../libopencm3/lib/libopencm3_stm32g4.a(rcc.o)
 .group         0x00000000        0xc ../libopencm3/lib/libopencm3_stm32g4.a(rcc.o)
 .group         0x00000000        0xc ../libopencm3/lib/libopencm3_stm32g4.a(rcc.o)
 .group         0x00000000        0xc ../libopencm3/lib/libopencm3_stm32g4.a(rcc.o)
 .group         0x00000000        0xc ../libopencm3/lib/libopencm3_stm32g4.a(rcc.o)
 .group         0x00000000        0xc ../libopencm3/lib/libopencm3_stm32g4.a(rcc.o)
 .group         0x00000000        0xc ../libopencm3/lib/libopencm3_stm32g4.a(rcc.o)
 .group         0x00000000        0xc ../libopencm3/lib/libopencm3_stm32g4.a(rcc.o)
 .group         0x00000000        0xc ../libopencm3/lib/libopencm3_stm32g4.a(rcc.o)
 .group         0x00000000        0xc ../libopencm3/lib/libopencm3_stm32g4.a(rcc.o)
 .group         0x00000000        0xc ../libopencm3/lib/libopencm3_stm32g4.a(rcc.o)
 .group         0x00000000        0xc ../libopencm3/lib/libopencm3_stm32g4.a(rcc.o)
 .group         0x00000000        0xc ../libopencm3/lib/libopencm3_stm32g4.a(rcc.o)
 .group         0x00000000        0xc ../libopencm3/lib/libopencm3_stm32g4.a(rcc.o)
 .group         0x00000000        0xc ../libopencm3/lib/libopencm3_stm32g4.a(rcc.o)
 .group         0x00000000        0xc ../libopencm3/lib/libopencm3_stm32g4.a(rcc.o)
 .text          0x00000000        0x0 ../libopencm3/lib/libopencm3_stm32g4.a(rcc.o)
 .data          0x00000000        0x0 ../libopencm3/lib/libopencm3_stm32g4.a(rcc.o)
 .bss           0x00000000        0x0 ../libopencm3/lib/libopencm3_stm32g4.a(rcc.o)
 .text.rcc_get_clksel_freq
                0x00000000       0x4c ../libopencm3/lib/libopencm3_stm32g4.a(rcc.o)
 .text.rcc_osc_ready_int_clear
                0x00000000       0x50 ../libopencm3/lib/libopencm3_stm32g4.a(rcc.o)
 .text.rcc_osc_ready_int_enable
                0x00000000       0x50 ../libopencm3/lib/libopencm3_stm32g4.a(rcc.o)
 .text.rcc_osc_ready_int_disable
                0x00000000       0x50 ../libopencm3/lib/libopencm3_stm32g4.a(rcc.o)
 .text.rcc_osc_ready_int_flag
                0x00000000       0x54 ../libopencm3/lib/libopencm3_stm32g4.a(rcc.o)
 .text.rcc_css_int_clear
                0x00000000       0x10 ../libopencm3/lib/libopencm3_stm32g4.a(rcc.o)
 .text.rcc_css_int_flag
                0x00000000       0x10 ../libopencm3/lib/libopencm3_stm32g4.a(rcc.o)
 .text.rcc_wait_for_sysclk_status
                0x00000000       0x3c ../libopencm3/lib/libopencm3_stm32g4.a(rcc.o)
 .text.rcc_css_enable
                0x00000000       0x10 ../libopencm3/lib/libopencm3_stm32g4.a(rcc.o)
 .text.rcc_css_disable
                0x00000000       0x10 ../libopencm3/lib/libopencm3_stm32g4.a(rcc.o)
 .text.rcc_set_pll_source
                0x00000000       0x14 ../libopencm3/lib/libopencm3_stm32g4.a(rcc.o)
 .text.rcc_system_clock_source
                0x00000000       0x10 ../libopencm3/lib/libopencm3_stm32g4.a(rcc.o)
 .text.rcc_clock_setup_hse_3v3
                0x00000000        0x4 ../libopencm3/lib/libopencm3_stm32g4.a(rcc.o)
 .text.rcc_set_clock48_source
                0x00000000       0x20 ../libopencm3/lib/libopencm3_stm32g4.a(rcc.o)
 .text.rcc_get_usart_clk_freq
                0x00000000       0x60 ../libopencm3/lib/libopencm3_stm32g4.a(rcc.o)
 .rodata.rcc_hse_24mhz_3v3
                0x00000000       0x90 ../libopencm3/lib/libopencm3_stm32g4.a(rcc.o)
 .rodata.rcc_hse_16mhz_3v3
                0x00000000       0x90 ../libopencm3/lib/libopencm3_stm32g4.a(rcc.o)
 .rodata.rcc_hse_12mhz_3v3
                0x00000000       0x90 ../libopencm3/lib/libopencm3_stm32g4.a(rcc.o)
 .rodata.rcc_hse_8mhz_3v3
                0x00000000       0x90 ../libopencm3/lib/libopencm3_stm32g4.a(rcc.o)
 .debug_macro   0x00000000      0xacc ../libopencm3/lib/libopencm3_stm32g4.a(rcc.o)
 .debug_macro   0x00000000       0x1c ../libopencm3/lib/libopencm3_stm32g4.a(rcc.o)
 .debug_macro   0x00000000       0x22 ../libopencm3/lib/libopencm3_stm32g4.a(rcc.o)
 .debug_macro   0x00000000       0x56 ../libopencm3/lib/libopencm3_stm32g4.a(rcc.o)
 .debug_macro   0x00000000       0x51 ../libopencm3/lib/libopencm3_stm32g4.a(rcc.o)
 .debug_macro   0x00000000      0x103 ../libopencm3/lib/libopencm3_stm32g4.a(rcc.o)
 .debug_macro   0x00000000       0x6a ../libopencm3/lib/libopencm3_stm32g4.a(rcc.o)
 .debug_macro   0x00000000      0x1df ../libopencm3/lib/libopencm3_stm32g4.a(rcc.o)
 .debug_macro   0x00000000       0x22 ../libopencm3/lib/libopencm3_stm32g4.a(rcc.o)
 .debug_macro   0x00000000       0xe8 ../libopencm3/lib/libopencm3_stm32g4.a(rcc.o)
 .debug_macro   0x00000000       0x76 ../libopencm3/lib/libopencm3_stm32g4.a(rcc.o)
 .debug_macro   0x00000000      0x259 ../libopencm3/lib/libopencm3_stm32g4.a(rcc.o)
 .debug_macro   0x00000000      0x220 ../libopencm3/lib/libopencm3_stm32g4.a(rcc.o)
 .debug_macro   0x00000000      0xbe4 ../libopencm3/lib/libopencm3_stm32g4.a(rcc.o)
 .debug_macro   0x00000000       0x1c ../libopencm3/lib/libopencm3_stm32g4.a(rcc.o)
 .debug_macro   0x00000000      0x35c ../libopencm3/lib/libopencm3_stm32g4.a(rcc.o)
 .group         0x00000000        0xc ../libopencm3/lib/libopencm3_stm32g4.a(rcc_common_all.o)
 .group         0x00000000        0xc ../libopencm3/lib/libopencm3_stm32g4.a(rcc_common_all.o)
 .group         0x00000000        0xc ../libopencm3/lib/libopencm3_stm32g4.a(rcc_common_all.o)
 .group         0x00000000        0xc ../libopencm3/lib/libopencm3_stm32g4.a(rcc_common_all.o)
 .group         0x00000000        0xc ../libopencm3/lib/libopencm3_stm32g4.a(rcc_common_all.o)
 .group         0x00000000        0xc ../libopencm3/lib/libopencm3_stm32g4.a(rcc_common_all.o)
 .group         0x00000000        0xc ../libopencm3/lib/libopencm3_stm32g4.a(rcc_common_all.o)
 .group         0x00000000        0xc ../libopencm3/lib/libopencm3_stm32g4.a(rcc_common_all.o)
 .group         0x00000000        0xc ../libopencm3/lib/libopencm3_stm32g4.a(rcc_common_all.o)
 .group         0x00000000        0xc ../libopencm3/lib/libopencm3_stm32g4.a(rcc_common_all.o)
 .group         0x00000000        0xc ../libopencm3/lib/libopencm3_stm32g4.a(rcc_common_all.o)
 .group         0x00000000        0xc ../libopencm3/lib/libopencm3_stm32g4.a(rcc_common_all.o)
 .group         0x00000000        0xc ../libopencm3/lib/libopencm3_stm32g4.a(rcc_common_all.o)
 .group         0x00000000        0xc ../libopencm3/lib/libopencm3_stm32g4.a(rcc_common_all.o)
 .text          0x00000000        0x0 ../libopencm3/lib/libopencm3_stm32g4.a(rcc_common_all.o)
 .data          0x00000000        0x0 ../libopencm3/lib/libopencm3_stm32g4.a(rcc_common_all.o)
 .bss           0x00000000        0x0 ../libopencm3/lib/libopencm3_stm32g4.a(rcc_common_all.o)
 .text.rcc_peripheral_enable_clock
                0x00000000        0x8 ../libopencm3/lib/libopencm3_stm32g4.a(rcc_common_all.o)
 .text.rcc_peripheral_disable_clock
                0x00000000        0xa ../libopencm3/lib/libopencm3_stm32g4.a(rcc_common_all.o)
 .text.rcc_peripheral_reset
                0x00000000        0x8 ../libopencm3/lib/libopencm3_stm32g4.a(rcc_common_all.o)
 .text.rcc_peripheral_clear_reset
                0x00000000        0xa ../libopencm3/lib/libopencm3_stm32g4.a(rcc_common_all.o)
 .text.rcc_periph_clock_disable
                0x00000000       0x1c ../libopencm3/lib/libopencm3_stm32g4.a(rcc_common_all.o)
 .text.rcc_periph_reset_pulse
                0x00000000       0x22 ../libopencm3/lib/libopencm3_stm32g4.a(rcc_common_all.o)
 .text.rcc_periph_reset_hold
                0x00000000        0x4 ../libopencm3/lib/libopencm3_stm32g4.a(rcc_common_all.o)
 .text.rcc_periph_reset_release
                0x00000000        0x4 ../libopencm3/lib/libopencm3_stm32g4.a(rcc_common_all.o)
 .text.rcc_set_mco
                0x00000000       0x14 ../libopencm3/lib/libopencm3_stm32g4.a(rcc_common_all.o)
 .text.rcc_osc_bypass_enable
                0x00000000       0x2c ../libopencm3/lib/libopencm3_stm32g4.a(rcc_common_all.o)
 .text.rcc_osc_bypass_disable
                0x00000000       0x2c ../libopencm3/lib/libopencm3_stm32g4.a(rcc_common_all.o)
 .text.rcc_get_div_from_hpre
                0x00000000       0x18 ../libopencm3/lib/libopencm3_stm32g4.a(rcc_common_all.o)
 .debug_macro   0x00000000      0xacc ../libopencm3/lib/libopencm3_stm32g4.a(rcc_common_all.o)
 .debug_macro   0x00000000       0x1c ../libopencm3/lib/libopencm3_stm32g4.a(rcc_common_all.o)
 .debug_macro   0x00000000       0x22 ../libopencm3/lib/libopencm3_stm32g4.a(rcc_common_all.o)
 .debug_macro   0x00000000       0x56 ../libopencm3/lib/libopencm3_stm32g4.a(rcc_common_all.o)
 .debug_macro   0x00000000       0x51 ../libopencm3/lib/libopencm3_stm32g4.a(rcc_common_all.o)
 .debug_macro   0x00000000      0x103 ../libopencm3/lib/libopencm3_stm32g4.a(rcc_common_all.o)
 .debug_macro   0x00000000       0x6a ../libopencm3/lib/libopencm3_stm32g4.a(rcc_common_all.o)
 .debug_macro   0x00000000      0x1df ../libopencm3/lib/libopencm3_stm32g4.a(rcc_common_all.o)
 .debug_macro   0x00000000       0x22 ../libopencm3/lib/libopencm3_stm32g4.a(rcc_common_all.o)
 .debug_macro   0x00000000       0xe8 ../libopencm3/lib/libopencm3_stm32g4.a(rcc_common_all.o)
 .debug_macro   0x00000000       0x76 ../libopencm3/lib/libopencm3_stm32g4.a(rcc_common_all.o)
 .debug_macro   0x00000000      0x259 ../libopencm3/lib/libopencm3_stm32g4.a(rcc_common_all.o)
 .debug_macro   0x00000000      0x220 ../libopencm3/lib/libopencm3_stm32g4.a(rcc_common_all.o)
 .debug_macro   0x00000000      0xbe4 ../libopencm3/lib/libopencm3_stm32g4.a(rcc_common_all.o)
 .group         0x00000000        0xc ../libopencm3/lib/libopencm3_stm32g4.a(vector.o)
 .group         0x00000000        0xc ../libopencm3/lib/libopencm3_stm32g4.a(vector.o)
 .group         0x00000000        0xc ../libopencm3/lib/libopencm3_stm32g4.a(vector.o)
 .group         0x00000000        0xc ../libopencm3/lib/libopencm3_stm32g4.a(vector.o)
 .group         0x00000000        0xc ../libopencm3/lib/libopencm3_stm32g4.a(vector.o)
 .group         0x00000000        0xc ../libopencm3/lib/libopencm3_stm32g4.a(vector.o)
 .group         0x00000000        0xc ../libopencm3/lib/libopencm3_stm32g4.a(vector.o)
 .group         0x00000000        0xc ../libopencm3/lib/libopencm3_stm32g4.a(vector.o)
 .group         0x00000000        0xc ../libopencm3/lib/libopencm3_stm32g4.a(vector.o)
 .group         0x00000000        0xc ../libopencm3/lib/libopencm3_stm32g4.a(vector.o)
 .group         0x00000000        0xc ../libopencm3/lib/libopencm3_stm32g4.a(vector.o)
 .group         0x00000000        0xc ../libopencm3/lib/libopencm3_stm32g4.a(vector.o)
 .group         0x00000000        0xc ../libopencm3/lib/libopencm3_stm32g4.a(vector.o)
 .group         0x00000000        0xc ../libopencm3/lib/libopencm3_stm32g4.a(vector.o)
 .text          0x00000000        0x0 ../libopencm3/lib/libopencm3_stm32g4.a(vector.o)
 .data          0x00000000        0x0 ../libopencm3/lib/libopencm3_stm32g4.a(vector.o)
 .bss           0x00000000        0x0 ../libopencm3/lib/libopencm3_stm32g4.a(vector.o)
 .debug_macro   0x00000000      0xacc ../libopencm3/lib/libopencm3_stm32g4.a(vector.o)
 .debug_macro   0x00000000       0x76 ../libopencm3/lib/libopencm3_stm32g4.a(vector.o)
 .debug_macro   0x00000000       0x1c ../libopencm3/lib/libopencm3_stm32g4.a(vector.o)
 .debug_macro   0x00000000       0x22 ../libopencm3/lib/libopencm3_stm32g4.a(vector.o)
 .debug_macro   0x00000000       0x56 ../libopencm3/lib/libopencm3_stm32g4.a(vector.o)
 .debug_macro   0x00000000       0x51 ../libopencm3/lib/libopencm3_stm32g4.a(vector.o)
 .debug_macro   0x00000000      0x103 ../libopencm3/lib/libopencm3_stm32g4.a(vector.o)
 .debug_macro   0x00000000       0x6a ../libopencm3/lib/libopencm3_stm32g4.a(vector.o)
 .debug_macro   0x00000000      0x1df ../libopencm3/lib/libopencm3_stm32g4.a(vector.o)
 .debug_macro   0x00000000       0x22 ../libopencm3/lib/libopencm3_stm32g4.a(vector.o)
 .debug_macro   0x00000000       0xe8 ../libopencm3/lib/libopencm3_stm32g4.a(vector.o)
 .group         0x00000000        0xc ../libopencm3/lib/libopencm3_stm32g4.a(assert.o)
 .group         0x00000000        0xc ../libopencm3/lib/libopencm3_stm32g4.a(assert.o)
 .group         0x00000000        0xc ../libopencm3/lib/libopencm3_stm32g4.a(assert.o)
 .group         0x00000000        0xc ../libopencm3/lib/libopencm3_stm32g4.a(assert.o)
 .group         0x00000000        0xc ../libopencm3/lib/libopencm3_stm32g4.a(assert.o)
 .group         0x00000000        0xc ../libopencm3/lib/libopencm3_stm32g4.a(assert.o)
 .group         0x00000000        0xc ../libopencm3/lib/libopencm3_stm32g4.a(assert.o)
 .group         0x00000000        0xc ../libopencm3/lib/libopencm3_stm32g4.a(assert.o)
 .group         0x00000000        0xc ../libopencm3/lib/libopencm3_stm32g4.a(assert.o)
 .group         0x00000000        0xc ../libopencm3/lib/libopencm3_stm32g4.a(assert.o)
 .group         0x00000000        0xc ../libopencm3/lib/libopencm3_stm32g4.a(assert.o)
 .text          0x00000000        0x0 ../libopencm3/lib/libopencm3_stm32g4.a(assert.o)
 .data          0x00000000        0x0 ../libopencm3/lib/libopencm3_stm32g4.a(assert.o)
 .bss           0x00000000        0x0 ../libopencm3/lib/libopencm3_stm32g4.a(assert.o)
 .text.cm3_assert_failed
                0x00000000        0x2 ../libopencm3/lib/libopencm3_stm32g4.a(assert.o)
 .text.cm3_assert_failed_verbose
                0x00000000        0x6 ../libopencm3/lib/libopencm3_stm32g4.a(assert.o)
 .debug_info    0x00000000      0x101 ../libopencm3/lib/libopencm3_stm32g4.a(assert.o)
 .debug_abbrev  0x00000000       0x94 ../libopencm3/lib/libopencm3_stm32g4.a(assert.o)
 .debug_loclists
                0x00000000       0x80 ../libopencm3/lib/libopencm3_stm32g4.a(assert.o)
 .debug_aranges
                0x00000000       0x28 ../libopencm3/lib/libopencm3_stm32g4.a(assert.o)
 .debug_rnglists
                0x00000000       0x19 ../libopencm3/lib/libopencm3_stm32g4.a(assert.o)
 .debug_macro   0x00000000       0x89 ../libopencm3/lib/libopencm3_stm32g4.a(assert.o)
 .debug_macro   0x00000000      0xacc ../libopencm3/lib/libopencm3_stm32g4.a(assert.o)
 .debug_macro   0x00000000       0x1c ../libopencm3/lib/libopencm3_stm32g4.a(assert.o)
 .debug_macro   0x00000000       0x22 ../libopencm3/lib/libopencm3_stm32g4.a(assert.o)
 .debug_macro   0x00000000       0x56 ../libopencm3/lib/libopencm3_stm32g4.a(assert.o)
 .debug_macro   0x00000000       0x51 ../libopencm3/lib/libopencm3_stm32g4.a(assert.o)
 .debug_macro   0x00000000      0x103 ../libopencm3/lib/libopencm3_stm32g4.a(assert.o)
 .debug_macro   0x00000000       0x6a ../libopencm3/lib/libopencm3_stm32g4.a(assert.o)
 .debug_macro   0x00000000      0x1df ../libopencm3/lib/libopencm3_stm32g4.a(assert.o)
 .debug_macro   0x00000000       0x22 ../libopencm3/lib/libopencm3_stm32g4.a(assert.o)
 .debug_macro   0x00000000       0xe8 ../libopencm3/lib/libopencm3_stm32g4.a(assert.o)
 .debug_macro   0x00000000       0x16 ../libopencm3/lib/libopencm3_stm32g4.a(assert.o)
 .debug_line    0x00000000      0x199 ../libopencm3/lib/libopencm3_stm32g4.a(assert.o)
 .debug_str     0x00000000     0x420c ../libopencm3/lib/libopencm3_stm32g4.a(assert.o)
 .comment       0x00000000       0x1f ../libopencm3/lib/libopencm3_stm32g4.a(assert.o)
 .debug_frame   0x00000000       0x38 ../libopencm3/lib/libopencm3_stm32g4.a(assert.o)
 .ARM.attributes
                0x00000000       0x34 ../libopencm3/lib/libopencm3_stm32g4.a(assert.o)
 .group         0x00000000        0xc ../libopencm3/lib/libopencm3_stm32g4.a(flash_common_all.o)
 .group         0x00000000        0xc ../libopencm3/lib/libopencm3_stm32g4.a(flash_common_all.o)
 .group         0x00000000        0xc ../libopencm3/lib/libopencm3_stm32g4.a(flash_common_all.o)
 .group         0x00000000        0xc ../libopencm3/lib/libopencm3_stm32g4.a(flash_common_all.o)
 .group         0x00000000        0xc ../libopencm3/lib/libopencm3_stm32g4.a(flash_common_all.o)
 .group         0x00000000        0xc ../libopencm3/lib/libopencm3_stm32g4.a(flash_common_all.o)
 .group         0x00000000        0xc ../libopencm3/lib/libopencm3_stm32g4.a(flash_common_all.o)
 .group         0x00000000        0xc ../libopencm3/lib/libopencm3_stm32g4.a(flash_common_all.o)
 .group         0x00000000        0xc ../libopencm3/lib/libopencm3_stm32g4.a(flash_common_all.o)
 .group         0x00000000        0xc ../libopencm3/lib/libopencm3_stm32g4.a(flash_common_all.o)
 .group         0x00000000        0xc ../libopencm3/lib/libopencm3_stm32g4.a(flash_common_all.o)
 .group         0x00000000        0xc ../libopencm3/lib/libopencm3_stm32g4.a(flash_common_all.o)
 .group         0x00000000        0xc ../libopencm3/lib/libopencm3_stm32g4.a(flash_common_all.o)
 .group         0x00000000        0xc ../libopencm3/lib/libopencm3_stm32g4.a(flash_common_all.o)
 .text          0x00000000        0x0 ../libopencm3/lib/libopencm3_stm32g4.a(flash_common_all.o)
 .data          0x00000000        0x0 ../libopencm3/lib/libopencm3_stm32g4.a(flash_common_all.o)
 .bss           0x00000000        0x0 ../libopencm3/lib/libopencm3_stm32g4.a(flash_common_all.o)
 .text.flash_prefetch_enable
                0x00000000       0x10 ../libopencm3/lib/libopencm3_stm32g4.a(flash_common_all.o)
 .text.flash_prefetch_disable
                0x00000000       0x10 ../libopencm3/lib/libopencm3_stm32g4.a(flash_common_all.o)
 .text.flash_unlock_option_bytes
                0x00000000       0x18 ../libopencm3/lib/libopencm3_stm32g4.a(flash_common_all.o)
 .debug_macro   0x00000000      0xacc ../libopencm3/lib/libopencm3_stm32g4.a(flash_common_all.o)
 .debug_macro   0x00000000       0x1c ../libopencm3/lib/libopencm3_stm32g4.a(flash_common_all.o)
 .debug_macro   0x00000000       0x22 ../libopencm3/lib/libopencm3_stm32g4.a(flash_common_all.o)
 .debug_macro   0x00000000       0x56 ../libopencm3/lib/libopencm3_stm32g4.a(flash_common_all.o)
 .debug_macro   0x00000000       0x51 ../libopencm3/lib/libopencm3_stm32g4.a(flash_common_all.o)
 .debug_macro   0x00000000      0x103 ../libopencm3/lib/libopencm3_stm32g4.a(flash_common_all.o)
 .debug_macro   0x00000000       0x6a ../libopencm3/lib/libopencm3_stm32g4.a(flash_common_all.o)
 .debug_macro   0x00000000      0x1df ../libopencm3/lib/libopencm3_stm32g4.a(flash_common_all.o)
 .debug_macro   0x00000000       0x22 ../libopencm3/lib/libopencm3_stm32g4.a(flash_common_all.o)
 .debug_macro   0x00000000       0xe8 ../libopencm3/lib/libopencm3_stm32g4.a(flash_common_all.o)
 .debug_macro   0x00000000       0x76 ../libopencm3/lib/libopencm3_stm32g4.a(flash_common_all.o)
 .debug_macro   0x00000000      0x259 ../libopencm3/lib/libopencm3_stm32g4.a(flash_common_all.o)
 .debug_macro   0x00000000       0x1c ../libopencm3/lib/libopencm3_stm32g4.a(flash_common_all.o)
 .debug_macro   0x00000000      0x35c ../libopencm3/lib/libopencm3_stm32g4.a(flash_common_all.o)
 .group         0x00000000        0xc ../libopencm3/lib/libopencm3_stm32g4.a(flash_common_idcache.o)
 .group         0x00000000        0xc ../libopencm3/lib/libopencm3_stm32g4.a(flash_common_idcache.o)
 .group         0x00000000        0xc ../libopencm3/lib/libopencm3_stm32g4.a(flash_common_idcache.o)
 .group         0x00000000        0xc ../libopencm3/lib/libopencm3_stm32g4.a(flash_common_idcache.o)
 .group         0x00000000        0xc ../libopencm3/lib/libopencm3_stm32g4.a(flash_common_idcache.o)
 .group         0x00000000        0xc ../libopencm3/lib/libopencm3_stm32g4.a(flash_common_idcache.o)
 .group         0x00000000        0xc ../libopencm3/lib/libopencm3_stm32g4.a(flash_common_idcache.o)
 .group         0x00000000        0xc ../libopencm3/lib/libopencm3_stm32g4.a(flash_common_idcache.o)
 .group         0x00000000        0xc ../libopencm3/lib/libopencm3_stm32g4.a(flash_common_idcache.o)
 .group         0x00000000        0xc ../libopencm3/lib/libopencm3_stm32g4.a(flash_common_idcache.o)
 .group         0x00000000        0xc ../libopencm3/lib/libopencm3_stm32g4.a(flash_common_idcache.o)
 .group         0x00000000        0xc ../libopencm3/lib/libopencm3_stm32g4.a(flash_common_idcache.o)
 .group         0x00000000        0xc ../libopencm3/lib/libopencm3_stm32g4.a(flash_common_idcache.o)
 .group         0x00000000        0xc ../libopencm3/lib/libopencm3_stm32g4.a(flash_common_idcache.o)
 .text          0x00000000        0x0 ../libopencm3/lib/libopencm3_stm32g4.a(flash_common_idcache.o)
 .data          0x00000000        0x0 ../libopencm3/lib/libopencm3_stm32g4.a(flash_common_idcache.o)
 .bss           0x00000000        0x0 ../libopencm3/lib/libopencm3_stm32g4.a(flash_common_idcache.o)
 .text.flash_dcache_reset
                0x00000000       0x10 ../libopencm3/lib/libopencm3_stm32g4.a(flash_common_idcache.o)
 .text.flash_icache_reset
                0x00000000       0x10 ../libopencm3/lib/libopencm3_stm32g4.a(flash_common_idcache.o)
 .debug_macro   0x00000000      0xacc ../libopencm3/lib/libopencm3_stm32g4.a(flash_common_idcache.o)
 .debug_macro   0x00000000       0x1c ../libopencm3/lib/libopencm3_stm32g4.a(flash_common_idcache.o)
 .debug_macro   0x00000000       0x22 ../libopencm3/lib/libopencm3_stm32g4.a(flash_common_idcache.o)
 .debug_macro   0x00000000       0x56 ../libopencm3/lib/libopencm3_stm32g4.a(flash_common_idcache.o)
 .debug_macro   0x00000000       0x51 ../libopencm3/lib/libopencm3_stm32g4.a(flash_common_idcache.o)
 .debug_macro   0x00000000      0x103 ../libopencm3/lib/libopencm3_stm32g4.a(flash_common_idcache.o)
 .debug_macro   0x00000000       0x6a ../libopencm3/lib/libopencm3_stm32g4.a(flash_common_idcache.o)
 .debug_macro   0x00000000      0x1df ../libopencm3/lib/libopencm3_stm32g4.a(flash_common_idcache.o)
 .debug_macro   0x00000000       0x22 ../libopencm3/lib/libopencm3_stm32g4.a(flash_common_idcache.o)
 .debug_macro   0x00000000       0xe8 ../libopencm3/lib/libopencm3_stm32g4.a(flash_common_idcache.o)
 .debug_macro   0x00000000       0x76 ../libopencm3/lib/libopencm3_stm32g4.a(flash_common_idcache.o)
 .debug_macro   0x00000000      0x259 ../libopencm3/lib/libopencm3_stm32g4.a(flash_common_idcache.o)
 .debug_macro   0x00000000       0x1c ../libopencm3/lib/libopencm3_stm32g4.a(flash_common_idcache.o)
 .debug_macro   0x00000000      0x35c ../libopencm3/lib/libopencm3_stm32g4.a(flash_common_idcache.o)
 .group         0x00000000        0xc ../libopencm3/lib/libopencm3_stm32g4.a(pwr.o)
 .group         0x00000000        0xc ../libopencm3/lib/libopencm3_stm32g4.a(pwr.o)
 .group         0x00000000        0xc ../libopencm3/lib/libopencm3_stm32g4.a(pwr.o)
 .group         0x00000000        0xc ../libopencm3/lib/libopencm3_stm32g4.a(pwr.o)
 .group         0x00000000        0xc ../libopencm3/lib/libopencm3_stm32g4.a(pwr.o)
 .group         0x00000000        0xc ../libopencm3/lib/libopencm3_stm32g4.a(pwr.o)
 .group         0x00000000        0xc ../libopencm3/lib/libopencm3_stm32g4.a(pwr.o)
 .group         0x00000000        0xc ../libopencm3/lib/libopencm3_stm32g4.a(pwr.o)
 .group         0x00000000        0xc ../libopencm3/lib/libopencm3_stm32g4.a(pwr.o)
 .group         0x00000000        0xc ../libopencm3/lib/libopencm3_stm32g4.a(pwr.o)
 .group         0x00000000        0xc ../libopencm3/lib/libopencm3_stm32g4.a(pwr.o)
 .group         0x00000000        0xc ../libopencm3/lib/libopencm3_stm32g4.a(pwr.o)
 .group         0x00000000        0xc ../libopencm3/lib/libopencm3_stm32g4.a(pwr.o)
 .text          0x00000000        0x0 ../libopencm3/lib/libopencm3_stm32g4.a(pwr.o)
 .data          0x00000000        0x0 ../libopencm3/lib/libopencm3_stm32g4.a(pwr.o)
 .bss           0x00000000        0x0 ../libopencm3/lib/libopencm3_stm32g4.a(pwr.o)
 .text.pwr_disable_backup_domain_write_protect
                0x00000000       0x10 ../libopencm3/lib/libopencm3_stm32g4.a(pwr.o)
 .text.pwr_enable_backup_domain_write_protect
                0x00000000       0x10 ../libopencm3/lib/libopencm3_stm32g4.a(pwr.o)
 .text.pwr_set_low_power_mode_selection
                0x00000000       0x14 ../libopencm3/lib/libopencm3_stm32g4.a(pwr.o)
 .text.pwr_enable_power_voltage_detect
                0x00000000       0x18 ../libopencm3/lib/libopencm3_stm32g4.a(pwr.o)
 .text.pwr_disable_power_voltage_detect
                0x00000000       0x10 ../libopencm3/lib/libopencm3_stm32g4.a(pwr.o)
 .debug_macro   0x00000000      0xacc ../libopencm3/lib/libopencm3_stm32g4.a(pwr.o)
 .debug_macro   0x00000000       0x1c ../libopencm3/lib/libopencm3_stm32g4.a(pwr.o)
 .debug_macro   0x00000000       0x22 ../libopencm3/lib/libopencm3_stm32g4.a(pwr.o)
 .debug_macro   0x00000000       0x56 ../libopencm3/lib/libopencm3_stm32g4.a(pwr.o)
 .debug_macro   0x00000000       0x51 ../libopencm3/lib/libopencm3_stm32g4.a(pwr.o)
 .debug_macro   0x00000000      0x103 ../libopencm3/lib/libopencm3_stm32g4.a(pwr.o)
 .debug_macro   0x00000000       0x6a ../libopencm3/lib/libopencm3_stm32g4.a(pwr.o)
 .debug_macro   0x00000000      0x1df ../libopencm3/lib/libopencm3_stm32g4.a(pwr.o)
 .debug_macro   0x00000000       0x22 ../libopencm3/lib/libopencm3_stm32g4.a(pwr.o)
 .debug_macro   0x00000000       0xe8 ../libopencm3/lib/libopencm3_stm32g4.a(pwr.o)
 .debug_macro   0x00000000       0x76 ../libopencm3/lib/libopencm3_stm32g4.a(pwr.o)
 .debug_macro   0x00000000      0x259 ../libopencm3/lib/libopencm3_stm32g4.a(pwr.o)
 .debug_macro   0x00000000      0x220 ../libopencm3/lib/libopencm3_stm32g4.a(pwr.o)

Memory Configuration

Name             Origin             Length             Attributes
rom              0x08000000         0x00080000         xr
ram              0x20000000         0x00018000         xrw
*default*        0x00000000         0xffffffff

Linker script and memory map

LOAD src/firmware.o
LOAD ../libopencm3/lib/libopencm3_stm32g4.a
START GROUP
LOAD /usr/lib/gcc/arm-none-eabi/14.2.0/../../../../arm-none-eabi/lib/thumb/v7e-m+fp/hard/libc.a
LOAD /usr/lib/gcc/arm-none-eabi/14.2.0/thumb/v7e-m+fp/hard/libgcc.a
LOAD /usr/lib/gcc/arm-none-eabi/14.2.0/../../../../arm-none-eabi/lib/thumb/v7e-m+fp/hard/libnosys.a
END GROUP
START GROUP
LOAD /usr/lib/gcc/arm-none-eabi/14.2.0/thumb/v7e-m+fp/hard/libgcc.a
LOAD /usr/lib/gcc/arm-none-eabi/14.2.0/../../../../arm-none-eabi/lib/thumb/v7e-m+fp/hard/libg.a
LOAD /usr/lib/gcc/arm-none-eabi/14.2.0/../../../../arm-none-eabi/lib/thumb/v7e-m+fp/hard/libc.a
END GROUP

.text           0x08000000      0x738
 *(.bootloader_section)
 *(.vectors)
 .vectors       0x08000000      0x1d8 ../libopencm3/lib/libopencm3_stm32g4.a(vector.o)
                0x08000000                vector_table
                0x080001e0                        . = ALIGN (0x10)
 *fill*         0x080001d8        0x8 
 *(.firmware_info)
 *(.firmware_signature)
 *(.text*)
 .text.startup.main
                0x080001e0       0x44 src/firmware.o
                0x080001e0                main
 .text.gpio_toggle
                0x08000224       0x12 ../libopencm3/lib/libopencm3_stm32g4.a(gpio_common_all.o)
                0x08000224                gpio_toggle
 .text.gpio_mode_setup
                0x08000236       0x40 ../libopencm3/lib/libopencm3_stm32g4.a(gpio_common_f0234.o)
                0x08000236                gpio_mode_setup
 *fill*         0x08000276        0x2 
 .text.rcc_is_osc_ready
                0x08000278       0x50 ../libopencm3/lib/libopencm3_stm32g4.a(rcc.o)
                0x08000278                rcc_is_osc_ready
 .text.rcc_wait_for_osc_ready
                0x080002c8       0x10 ../libopencm3/lib/libopencm3_stm32g4.a(rcc.o)
                0x080002c8                rcc_wait_for_osc_ready
 .text.rcc_osc_on
                0x080002d8       0x64 ../libopencm3/lib/libopencm3_stm32g4.a(rcc.o)
                0x080002d8                rcc_osc_on
 .text.rcc_osc_off
                0x0800033c       0x64 ../libopencm3/lib/libopencm3_stm32g4.a(rcc.o)
                0x0800033c                rcc_osc_off
 .text.rcc_set_sysclk_source
                0x080003a0       0x14 ../libopencm3/lib/libopencm3_stm32g4.a(rcc.o)
                0x080003a0                rcc_set_sysclk_source
 .text.rcc_set_ppre2
                0x080003b4       0x14 ../libopencm3/lib/libopencm3_stm32g4.a(rcc.o)
                0x080003b4                rcc_set_ppre2
 .text.rcc_set_ppre1
                0x080003c8       0x14 ../libopencm3/lib/libopencm3_stm32g4.a(rcc.o)
                0x080003c8                rcc_set_ppre1
 .text.rcc_set_hpre
                0x080003dc       0x14 ../libopencm3/lib/libopencm3_stm32g4.a(rcc.o)
                0x080003dc                rcc_set_hpre
 .text.rcc_set_main_pll
                0x080003f0       0x84 ../libopencm3/lib/libopencm3_stm32g4.a(rcc.o)
                0x080003f0                rcc_set_main_pll
 .text.rcc_clock_setup_pll
                0x08000474       0xe8 ../libopencm3/lib/libopencm3_stm32g4.a(rcc.o)
                0x08000474                rcc_clock_setup_pll
 .text.rcc_periph_clock_enable
                0x0800055c       0x1a ../libopencm3/lib/libopencm3_stm32g4.a(rcc_common_all.o)
                0x0800055c                rcc_periph_clock_enable
 .text.blocking_handler
                0x08000576        0x2 ../libopencm3/lib/libopencm3_stm32g4.a(vector.o)
                0x08000576                i2c4_ev_isr
                0x08000576                usb_lp_isr
                0x08000576                usb_hp_isr
                0x08000576                hrtim_timb_isr
                0x08000576                usart3_isr
                0x08000576                dma2_channel8_isr
                0x08000576                rng_isr
                0x08000576                tim20_cc_isr
                0x08000576                crs_isr
                0x08000576                hrtim_timc_isr
                0x08000576                hrtim_fault_isr
                0x08000576                i2c4_er_isr
                0x08000576                usb_wakeup_isr
                0x08000576                blocking_handler
                0x08000576                tim5_isr
                0x08000576                rtc_wkup_isr
                0x08000576                tim1_up_tim16_isr
                0x08000576                spi1_isr
                0x08000576                tim20_brk_isr
                0x08000576                i2c3_er_isr
                0x08000576                dma2_channel7_isr
                0x08000576                exti2_isr
                0x08000576                dma1_channel6_isr
                0x08000576                dma1_channel5_isr
                0x08000576                dma2_channel5_isr
                0x08000576                fdcan2_it0_isr
                0x08000576                hrtim_master_isr
                0x08000576                adc12_isr
                0x08000576                usart1_isr
                0x08000576                i2c3_ev_isr
                0x08000576                hrtim_tima_isr
                0x08000576                usage_fault_handler
                0x08000576                tim6_dac13under_isr
                0x08000576                fdcan3_it1_isr
                0x08000576                tim1_cc_isr
                0x08000576                dma1_channel4_isr
                0x08000576                tim8_brk_isr
                0x08000576                dma2_channel4_isr
                0x08000576                lptim1_isr
                0x08000576                ucpd1_isr
                0x08000576                pvd_isr
                0x08000576                adc4_isr
                0x08000576                lpuart_isr
                0x08000576                fdcan1_it0_isr
                0x08000576                comp123_isr
                0x08000576                comp456_isr
                0x08000576                rcc_isr
                0x08000576                flash_isr
                0x08000576                uart4_isr
                0x08000576                rtc_alarm_isr
                0x08000576                exti15_10_isr
                0x08000576                hard_fault_handler
                0x08000576                exti1_isr
                0x08000576                i2c1_ev_isr
                0x08000576                adc5_isr
                0x08000576                dma2_channel1_isr
                0x08000576                spi2_isr
                0x08000576                aes_isr
                0x08000576                tim8_up_isr
                0x08000576                dma2_channel6_isr
                0x08000576                tim20_trg_isr
                0x08000576                dma2_channel2_isr
                0x08000576                sai_isr
                0x08000576                exti3_isr
                0x08000576                adc3_isr
                0x08000576                tim3_isr
                0x08000576                usart2_isr
                0x08000576                fpu_isr
                0x08000576                rtc_tamp_css_isr
                0x08000576                tim7_dac24under_isr
                0x08000576                i2c2_er_isr
                0x08000576                fmac_isr
                0x08000576                i2c2_ev_isr
                0x08000576                uart5_isr
                0x08000576                spi4_isr
                0x08000576                fsmc_isr
                0x08000576                dma1_channel1_isr
                0x08000576                exti4_isr
                0x08000576                cordic_isr
                0x08000576                mem_manage_handler
                0x08000576                fdcan1_it1_isr
                0x08000576                exti9_5_isr
                0x08000576                dma2_channel3_isr
                0x08000576                dma1_channel7_isr
                0x08000576                tim4_isr
                0x08000576                hrtim_time_isr
                0x08000576                hrtim_timd_isr
                0x08000576                dma1_channel2_isr
                0x08000576                i2c1_er_isr
                0x08000576                dma1_channel8_isr
                0x08000576                tim1_trg_tim17_isr
                0x08000576                fdcan2_it1_isr
                0x08000576                tim8_cc_isr
                0x08000576                tim20_up_isr
                0x08000576                tim8_trg_isr
                0x08000576                comp7_isr
                0x08000576                dmamux_ovr_isr
                0x08000576                hrtim_timf_isr
                0x08000576                bus_fault_handler
                0x08000576                wwdg_isr
                0x08000576                tim1_brk_tim15_isr
                0x08000576                dma1_channel3_isr
                0x08000576                spi3_isr
                0x08000576                quadspi_isr
                0x08000576                tim2_isr
                0x08000576                fdcan3_it0_isr
                0x08000576                exti0_isr
 .text.null_handler
                0x08000578        0x2 ../libopencm3/lib/libopencm3_stm32g4.a(vector.o)
                0x08000578                null_handler
                0x08000578                sv_call_handler
                0x08000578                pend_sv_handler
                0x08000578                debug_monitor_handler
                0x08000578                sys_tick_handler
                0x08000578                nmi_handler
 *fill*         0x0800057a        0x2 
 .text.reset_handler
                0x0800057c       0xa0 ../libopencm3/lib/libopencm3_stm32g4.a(vector.o)
                0x0800057c                reset_handler
 .text.flash_set_ws
                0x0800061c       0x14 ../libopencm3/lib/libopencm3_stm32g4.a(flash_common_all.o)
                0x0800061c                flash_set_ws
 .text.flash_dcache_enable
                0x08000630       0x10 ../libopencm3/lib/libopencm3_stm32g4.a(flash_common_idcache.o)
                0x08000630                flash_dcache_enable
 .text.flash_dcache_disable
                0x08000640       0x10 ../libopencm3/lib/libopencm3_stm32g4.a(flash_common_idcache.o)
                0x08000640                flash_dcache_disable
 .text.flash_icache_enable
                0x08000650       0x10 ../libopencm3/lib/libopencm3_stm32g4.a(flash_common_idcache.o)
                0x08000650                flash_icache_enable
 .text.flash_icache_disable
                0x08000660       0x10 ../libopencm3/lib/libopencm3_stm32g4.a(flash_common_idcache.o)
                0x08000660                flash_icache_disable
 .text.pwr_set_vos_scale
                0x08000670       0x10 ../libopencm3/lib/libopencm3_stm32g4.a(pwr.o)
                0x08000670                pwr_set_vos_scale
 .text.pwr_enable_boost
                0x08000680       0x14 ../libopencm3/lib/libopencm3_stm32g4.a(pwr.o)
                0x08000680                pwr_enable_boost
 .text.pwr_disable_boost
                0x08000694       0x14 ../libopencm3/lib/libopencm3_stm32g4.a(pwr.o)
                0x08000694                pwr_disable_boost
                0x080006a8                        . = ALIGN (0x4)
 *(.rodata*)
 .rodata.rcc_hsi_configs
                0x080006a8       0x90 ../libopencm3/lib/libopencm3_stm32g4.a(rcc.o)
                0x080006a8                rcc_hsi_configs
                0x08000738                        . = ALIGN (0x4)

.glue_7         0x08000738        0x0
 .glue_7        0x08000738        0x0 linker stubs

.glue_7t        0x08000738        0x0
 .glue_7t       0x08000738        0x0 linker stubs

.vfp11_veneer   0x08000738        0x0
 .vfp11_veneer  0x08000738        0x0 linker stubs

.v4_bx          0x08000738        0x0
 .v4_bx         0x08000738        0x0 linker stubs

.iplt           0x08000738        0x0
 .iplt          0x08000738        0x0 src/firmware.o

.rel.dyn        0x08000738        0x0
 .rel.iplt      0x08000738        0x0 src/firmware.o

.preinit_array  0x08000738        0x0
                0x08000738                        . = ALIGN (0x4)
                0x08000738                        __preinit_array_start = .
 *(.preinit_array)
                0x08000738                        __preinit_array_end = .

.init_array     0x08000738        0x0
                0x08000738                        . = ALIGN (0x4)
                0x08000738                        __init_array_start = .
 *(SORT_BY_NAME(.init_array.*))
 *(.init_array)
                0x08000738                        __init_array_end = .

.fini_array     0x08000738        0x0
                0x08000738                        . = ALIGN (0x4)
                0x08000738                        __fini_array_start = .
 *(.fini_array)
 *(SORT_BY_NAME(.fini_array.*))
                0x08000738                        __fini_array_end = .

.ARM.extab
 *(.ARM.extab*)

.ARM.exidx      0x08000738        0x0
                0x08000738                        __exidx_start = .
 *(.ARM.exidx*)
                0x08000738                        __exidx_end = .
                0x08000738                        . = ALIGN (0x4)
                0x08000738                        _etext = .

.noinit
 *(.noinit*)
                0x08000738                        . = ALIGN (0x4)

.data           0x20000000        0xc load address 0x08000738
                0x20000000                        _data = .
 *(.data*)
 .data.rcc_apb2_frequency
                0x20000000        0x4 ../libopencm3/lib/libopencm3_stm32g4.a(rcc.o)
                0x20000000                rcc_apb2_frequency
 .data.rcc_apb1_frequency
                0x20000004        0x4 ../libopencm3/lib/libopencm3_stm32g4.a(rcc.o)
                0x20000004                rcc_apb1_frequency
 .data.rcc_ahb_frequency
                0x20000008        0x4 ../libopencm3/lib/libopencm3_stm32g4.a(rcc.o)
                0x20000008                rcc_ahb_frequency
 *(.ramtext*)
                0x2000000c                        . = ALIGN (0x4)
                0x2000000c                        _edata = .
                0x08000738                        _data_loadaddr = LOADADDR (.data)

.igot.plt       0x2000000c        0x0 load address 0x08000744
 .igot.plt      0x2000000c        0x0 src/firmware.o

.bss            0x2000000c        0x0 load address 0x08000744
 *(.bss*)
 *(COMMON)
                0x2000000c                        . = ALIGN (0x4)
                0x2000000c                        _ebss = .

/DISCARD/
 *(.eh_frame)
                0x2000000c                        . = ALIGN (0x4)
                0x2000000c                        end = .
                0x20018000                        PROVIDE (_stack = (ORIGIN (ram) + LENGTH (ram)))
OUTPUT(firmware.elf elf32-littlearm)
LOAD linker stubs

.debug_info     0x00000000     0x27b7
 .debug_info    0x00000000      0x6e5 src/firmware.o
 .debug_info    0x000006e5      0x256 ../libopencm3/lib/libopencm3_stm32g4.a(gpio_common_all.o)
 .debug_info    0x0000093b      0x21b ../libopencm3/lib/libopencm3_stm32g4.a(gpio_common_f0234.o)
 .debug_info    0x00000b56      0xdde ../libopencm3/lib/libopencm3_stm32g4.a(rcc.o)
 .debug_info    0x00001934      0x83e ../libopencm3/lib/libopencm3_stm32g4.a(rcc_common_all.o)
 .debug_info    0x00002172      0x2d9 ../libopencm3/lib/libopencm3_stm32g4.a(vector.o)
 .debug_info    0x0000244b       0xf1 ../libopencm3/lib/libopencm3_stm32g4.a(flash_common_all.o)
 .debug_info    0x0000253c       0xe9 ../libopencm3/lib/libopencm3_stm32g4.a(flash_common_idcache.o)
 .debug_info    0x00002625      0x192 ../libopencm3/lib/libopencm3_stm32g4.a(pwr.o)

.debug_abbrev   0x00000000      0xb6d
 .debug_abbrev  0x00000000      0x1d8 src/firmware.o
 .debug_abbrev  0x000001d8      0x115 ../libopencm3/lib/libopencm3_stm32g4.a(gpio_common_all.o)
 .debug_abbrev  0x000002ed       0xc2 ../libopencm3/lib/libopencm3_stm32g4.a(gpio_common_f0234.o)
 .debug_abbrev  0x000003af      0x31c ../libopencm3/lib/libopencm3_stm32g4.a(rcc.o)
 .debug_abbrev  0x000006cb      0x185 ../libopencm3/lib/libopencm3_stm32g4.a(rcc_common_all.o)
 .debug_abbrev  0x00000850      0x15f ../libopencm3/lib/libopencm3_stm32g4.a(vector.o)
 .debug_abbrev  0x000009af       0x96 ../libopencm3/lib/libopencm3_stm32g4.a(flash_common_all.o)
 .debug_abbrev  0x00000a45       0x56 ../libopencm3/lib/libopencm3_stm32g4.a(flash_common_idcache.o)
 .debug_abbrev  0x00000a9b       0xd2 ../libopencm3/lib/libopencm3_stm32g4.a(pwr.o)

.debug_aranges  0x00000000      0x308
 .debug_aranges
                0x00000000       0x20 src/firmware.o
 .debug_aranges
                0x00000020       0x50 ../libopencm3/lib/libopencm3_stm32g4.a(gpio_common_all.o)
 .debug_aranges
                0x00000070       0x30 ../libopencm3/lib/libopencm3_stm32g4.a(gpio_common_f0234.o)
 .debug_aranges
                0x000000a0       0xe0 ../libopencm3/lib/libopencm3_stm32g4.a(rcc.o)
 .debug_aranges
                0x00000180       0x80 ../libopencm3/lib/libopencm3_stm32g4.a(rcc_common_all.o)
 .debug_aranges
                0x00000200       0x30 ../libopencm3/lib/libopencm3_stm32g4.a(vector.o)
 .debug_aranges
                0x00000230       0x38 ../libopencm3/lib/libopencm3_stm32g4.a(flash_common_all.o)
 .debug_aranges
                0x00000268       0x48 ../libopencm3/lib/libopencm3_stm32g4.a(flash_common_idcache.o)
 .debug_aranges
                0x000002b0       0x58 ../libopencm3/lib/libopencm3_stm32g4.a(pwr.o)

.debug_rnglists
                0x00000000      0x228
 .debug_rnglists
                0x00000000       0x1f src/firmware.o
 .debug_rnglists
                0x0000001f       0x37 ../libopencm3/lib/libopencm3_stm32g4.a(gpio_common_all.o)
 .debug_rnglists
                0x00000056       0x1f ../libopencm3/lib/libopencm3_stm32g4.a(gpio_common_f0234.o)
 .debug_rnglists
                0x00000075       0xa5 ../libopencm3/lib/libopencm3_stm32g4.a(rcc.o)
 .debug_rnglists
                0x0000011a       0x5b ../libopencm3/lib/libopencm3_stm32g4.a(rcc_common_all.o)
 .debug_rnglists
                0x00000175       0x20 ../libopencm3/lib/libopencm3_stm32g4.a(vector.o)
 .debug_rnglists
                0x00000195       0x25 ../libopencm3/lib/libopencm3_stm32g4.a(flash_common_all.o)
 .debug_rnglists
                0x000001ba       0x31 ../libopencm3/lib/libopencm3_stm32g4.a(flash_common_idcache.o)
 .debug_rnglists
                0x000001eb       0x3d ../libopencm3/lib/libopencm3_stm32g4.a(pwr.o)

.debug_macro    0x00000000     0x38f6
 .debug_macro   0x00000000      0x142 src/firmware.o
 .debug_macro   0x00000142      0xacc src/firmware.o
 .debug_macro   0x00000c0e       0x1c src/firmware.o
 .debug_macro   0x00000c2a       0x22 src/firmware.o
 .debug_macro   0x00000c4c       0x56 src/firmware.o
 .debug_macro   0x00000ca2       0x51 src/firmware.o
 .debug_macro   0x00000cf3      0x103 src/firmware.o
 .debug_macro   0x00000df6       0x6a src/firmware.o
 .debug_macro   0x00000e60      0x1df src/firmware.o
 .debug_macro   0x0000103f       0x22 src/firmware.o
 .debug_macro   0x00001061       0xe8 src/firmware.o
 .debug_macro   0x00001149       0x76 src/firmware.o
 .debug_macro   0x000011bf      0x259 src/firmware.o
 .debug_macro   0x00001418      0x220 src/firmware.o
 .debug_macro   0x00001638      0xbe4 src/firmware.o
 .debug_macro   0x0000221c       0x1c src/firmware.o
 .debug_macro   0x00002238      0x35c src/firmware.o
 .debug_macro   0x00002594       0x76 src/firmware.o
 .debug_macro   0x0000260a      0x37e src/firmware.o
 .debug_macro   0x00002988       0xca src/firmware.o
 .debug_macro   0x00002a52       0x52 src/firmware.o
 .debug_macro   0x00002aa4       0x6f src/firmware.o
 .debug_macro   0x00002b13       0xd6 ../libopencm3/lib/libopencm3_stm32g4.a(gpio_common_all.o)
 .debug_macro   0x00002be9       0xd6 ../libopencm3/lib/libopencm3_stm32g4.a(gpio_common_f0234.o)
 .debug_macro   0x00002cbf      0x106 ../libopencm3/lib/libopencm3_stm32g4.a(rcc.o)
 .debug_macro   0x00002dc5       0x16 ../libopencm3/lib/libopencm3_stm32g4.a(rcc.o)
 .debug_macro   0x00002ddb       0xe1 ../libopencm3/lib/libopencm3_stm32g4.a(rcc_common_all.o)
 .debug_macro   0x00002ebc       0xd3 ../libopencm3/lib/libopencm3_stm32g4.a(vector.o)
 .debug_macro   0x00002f8f      0x452 ../libopencm3/lib/libopencm3_stm32g4.a(vector.o)
 .debug_macro   0x000033e1       0x6e ../libopencm3/lib/libopencm3_stm32g4.a(vector.o)
 .debug_macro   0x0000344f      0x26e ../libopencm3/lib/libopencm3_stm32g4.a(vector.o)
 .debug_macro   0x000036bd       0xc8 ../libopencm3/lib/libopencm3_stm32g4.a(flash_common_all.o)
 .debug_macro   0x00003785       0xc8 ../libopencm3/lib/libopencm3_stm32g4.a(flash_common_idcache.o)
 .debug_macro   0x0000384d       0xa9 ../libopencm3/lib/libopencm3_stm32g4.a(pwr.o)

.debug_line     0x00000000     0x24c4
 .debug_line    0x00000000      0x363 src/firmware.o
 .debug_line    0x00000363      0x360 ../libopencm3/lib/libopencm3_stm32g4.a(gpio_common_all.o)
 .debug_line    0x000006c3      0x436 ../libopencm3/lib/libopencm3_stm32g4.a(gpio_common_f0234.o)
 .debug_line    0x00000af9      0x98f ../libopencm3/lib/libopencm3_stm32g4.a(rcc.o)
 .debug_line    0x00001488      0x3eb ../libopencm3/lib/libopencm3_stm32g4.a(rcc_common_all.o)
 .debug_line    0x00001873      0x37d ../libopencm3/lib/libopencm3_stm32g4.a(vector.o)
 .debug_line    0x00001bf0      0x2ea ../libopencm3/lib/libopencm3_stm32g4.a(flash_common_all.o)
 .debug_line    0x00001eda      0x303 ../libopencm3/lib/libopencm3_stm32g4.a(flash_common_idcache.o)
 .debug_line    0x000021dd      0x2e7 ../libopencm3/lib/libopencm3_stm32g4.a(pwr.o)

.debug_str      0x00000000     0xf751
 .debug_str     0x00000000     0xf751 src/firmware.o
                               0xbdfa (size before relaxing)
 .debug_str     0x0000f751     0x67a6 ../libopencm3/lib/libopencm3_stm32g4.a(gpio_common_all.o)
 .debug_str     0x0000f751     0x67c8 ../libopencm3/lib/libopencm3_stm32g4.a(gpio_common_f0234.o)
 .debug_str     0x0000f751     0xaafe ../libopencm3/lib/libopencm3_stm32g4.a(rcc.o)
 .debug_str     0x0000f751     0x985b ../libopencm3/lib/libopencm3_stm32g4.a(rcc_common_all.o)
 .debug_str     0x0000f751     0x72c3 ../libopencm3/lib/libopencm3_stm32g4.a(vector.o)
 .debug_str     0x0000f751     0x63a9 ../libopencm3/lib/libopencm3_stm32g4.a(flash_common_all.o)
 .debug_str     0x0000f751     0x63cb ../libopencm3/lib/libopencm3_stm32g4.a(flash_common_idcache.o)
 .debug_str     0x0000f751     0x5c44 ../libopencm3/lib/libopencm3_stm32g4.a(pwr.o)

.comment        0x00000000       0x1e
 .comment       0x00000000       0x1e src/firmware.o
                                 0x1f (size before relaxing)
 .comment       0x0000001e       0x1f ../libopencm3/lib/libopencm3_stm32g4.a(gpio_common_all.o)
 .comment       0x0000001e       0x1f ../libopencm3/lib/libopencm3_stm32g4.a(gpio_common_f0234.o)
 .comment       0x0000001e       0x1f ../libopencm3/lib/libopencm3_stm32g4.a(rcc.o)
 .comment       0x0000001e       0x1f ../libopencm3/lib/libopencm3_stm32g4.a(rcc_common_all.o)
 .comment       0x0000001e       0x1f ../libopencm3/lib/libopencm3_stm32g4.a(vector.o)
 .comment       0x0000001e       0x1f ../libopencm3/lib/libopencm3_stm32g4.a(flash_common_all.o)
 .comment       0x0000001e       0x1f ../libopencm3/lib/libopencm3_stm32g4.a(flash_common_idcache.o)
 .comment       0x0000001e       0x1f ../libopencm3/lib/libopencm3_stm32g4.a(pwr.o)

.ARM.attributes
                0x00000000       0x34
 .ARM.attributes
                0x00000000       0x34 src/firmware.o
 .ARM.attributes
                0x00000034       0x34 ../libopencm3/lib/libopencm3_stm32g4.a(gpio_common_all.o)
 .ARM.attributes
                0x00000068       0x34 ../libopencm3/lib/libopencm3_stm32g4.a(gpio_common_f0234.o)
 .ARM.attributes
                0x0000009c       0x34 ../libopencm3/lib/libopencm3_stm32g4.a(rcc.o)
 .ARM.attributes
                0x000000d0       0x34 ../libopencm3/lib/libopencm3_stm32g4.a(rcc_common_all.o)
 .ARM.attributes
                0x00000104       0x34 ../libopencm3/lib/libopencm3_stm32g4.a(vector.o)
 .ARM.attributes
                0x00000138       0x34 ../libopencm3/lib/libopencm3_stm32g4.a(flash_common_all.o)
 .ARM.attributes
                0x0000016c       0x34 ../libopencm3/lib/libopencm3_stm32g4.a(flash_common_idcache.o)
 .ARM.attributes
                0x000001a0       0x34 ../libopencm3/lib/libopencm3_stm32g4.a(pwr.o)

.debug_frame    0x00000000      0x57c
 .debug_frame   0x00000000       0x28 src/firmware.o
 .debug_frame   0x00000028       0x80 ../libopencm3/lib/libopencm3_stm32g4.a(gpio_common_all.o)
 .debug_frame   0x000000a8       0x70 ../libopencm3/lib/libopencm3_stm32g4.a(gpio_common_f0234.o)
 .debug_frame   0x00000118      0x1e8 ../libopencm3/lib/libopencm3_stm32g4.a(rcc.o)
 .debug_frame   0x00000300       0xe0 ../libopencm3/lib/libopencm3_stm32g4.a(rcc_common_all.o)
 .debug_frame   0x000003e0       0x4c ../libopencm3/lib/libopencm3_stm32g4.a(vector.o)
 .debug_frame   0x0000042c       0x50 ../libopencm3/lib/libopencm3_stm32g4.a(flash_common_all.o)
 .debug_frame   0x0000047c       0x70 ../libopencm3/lib/libopencm3_stm32g4.a(flash_common_idcache.o)
 .debug_frame   0x000004ec       0x90 ../libopencm3/lib/libopencm3_stm32g4.a(pwr.o)

.debug_loclists
                0x00000000      0x8b7
 .debug_loclists
                0x00000000       0x96 ../libopencm3/lib/libopencm3_stm32g4.a(gpio_common_all.o)
 .debug_loclists
                0x00000096       0xf9 ../libopencm3/lib/libopencm3_stm32g4.a(gpio_common_f0234.o)
 .debug_loclists
                0x0000018f      0x57c ../libopencm3/lib/libopencm3_stm32g4.a(rcc.o)
 .debug_loclists
                0x0000070b       0x87 ../libopencm3/lib/libopencm3_stm32g4.a(rcc_common_all.o)
 .debug_loclists
                0x00000792       0xa8 ../libopencm3/lib/libopencm3_stm32g4.a(vector.o)
 .debug_loclists
                0x0000083a       0x17 ../libopencm3/lib/libopencm3_stm32g4.a(flash_common_all.o)
 .debug_loclists
                0x00000851       0x66 ../libopencm3/lib/libopencm3_stm32g4.a(pwr.o)

Cross Reference Table

Symbol                                            File
__fini_array_end                                  ../libopencm3/lib/libopencm3_stm32g4.a(vector.o)
__fini_array_start                                ../libopencm3/lib/libopencm3_stm32g4.a(vector.o)
__init_array_end                                  ../libopencm3/lib/libopencm3_stm32g4.a(vector.o)
__init_array_start                                ../libopencm3/lib/libopencm3_stm32g4.a(vector.o)
__preinit_array_end                               ../libopencm3/lib/libopencm3_stm32g4.a(vector.o)
__preinit_array_start                             ../libopencm3/lib/libopencm3_stm32g4.a(vector.o)
_data                                             ../libopencm3/lib/libopencm3_stm32g4.a(vector.o)
_data_loadaddr                                    ../libopencm3/lib/libopencm3_stm32g4.a(vector.o)
_ebss                                             ../libopencm3/lib/libopencm3_stm32g4.a(vector.o)
_edata                                            ../libopencm3/lib/libopencm3_stm32g4.a(vector.o)
_stack                                            ../libopencm3/lib/libopencm3_stm32g4.a(vector.o)
adc12_isr                                         ../libopencm3/lib/libopencm3_stm32g4.a(vector.o)
adc3_isr                                          ../libopencm3/lib/libopencm3_stm32g4.a(vector.o)
adc4_isr                                          ../libopencm3/lib/libopencm3_stm32g4.a(vector.o)
adc5_isr                                          ../libopencm3/lib/libopencm3_stm32g4.a(vector.o)
aes_isr                                           ../libopencm3/lib/libopencm3_stm32g4.a(vector.o)
blocking_handler                                  ../libopencm3/lib/libopencm3_stm32g4.a(vector.o)
bus_fault_handler                                 ../libopencm3/lib/libopencm3_stm32g4.a(vector.o)
cm3_assert_failed                                 ../libopencm3/lib/libopencm3_stm32g4.a(assert.o)
                                                  ../libopencm3/lib/libopencm3_stm32g4.a(rcc.o)
cm3_assert_failed_verbose                         ../libopencm3/lib/libopencm3_stm32g4.a(assert.o)
comp123_isr                                       ../libopencm3/lib/libopencm3_stm32g4.a(vector.o)
comp456_isr                                       ../libopencm3/lib/libopencm3_stm32g4.a(vector.o)
comp7_isr                                         ../libopencm3/lib/libopencm3_stm32g4.a(vector.o)
cordic_isr                                        ../libopencm3/lib/libopencm3_stm32g4.a(vector.o)
crs_isr                                           ../libopencm3/lib/libopencm3_stm32g4.a(vector.o)
debug_monitor_handler                             ../libopencm3/lib/libopencm3_stm32g4.a(vector.o)
dma1_channel1_isr                                 ../libopencm3/lib/libopencm3_stm32g4.a(vector.o)
dma1_channel2_isr                                 ../libopencm3/lib/libopencm3_stm32g4.a(vector.o)
dma1_channel3_isr                                 ../libopencm3/lib/libopencm3_stm32g4.a(vector.o)
dma1_channel4_isr                                 ../libopencm3/lib/libopencm3_stm32g4.a(vector.o)
dma1_channel5_isr                                 ../libopencm3/lib/libopencm3_stm32g4.a(vector.o)
dma1_channel6_isr                                 ../libopencm3/lib/libopencm3_stm32g4.a(vector.o)
dma1_channel7_isr                                 ../libopencm3/lib/libopencm3_stm32g4.a(vector.o)
dma1_channel8_isr                                 ../libopencm3/lib/libopencm3_stm32g4.a(vector.o)
dma2_channel1_isr                                 ../libopencm3/lib/libopencm3_stm32g4.a(vector.o)
dma2_channel2_isr                                 ../libopencm3/lib/libopencm3_stm32g4.a(vector.o)
dma2_channel3_isr                                 ../libopencm3/lib/libopencm3_stm32g4.a(vector.o)
dma2_channel4_isr                                 ../libopencm3/lib/libopencm3_stm32g4.a(vector.o)
dma2_channel5_isr                                 ../libopencm3/lib/libopencm3_stm32g4.a(vector.o)
dma2_channel6_isr                                 ../libopencm3/lib/libopencm3_stm32g4.a(vector.o)
dma2_channel7_isr                                 ../libopencm3/lib/libopencm3_stm32g4.a(vector.o)
dma2_channel8_isr                                 ../libopencm3/lib/libopencm3_stm32g4.a(vector.o)
dmamux_ovr_isr                                    ../libopencm3/lib/libopencm3_stm32g4.a(vector.o)
exti0_isr                                         ../libopencm3/lib/libopencm3_stm32g4.a(vector.o)
exti15_10_isr                                     ../libopencm3/lib/libopencm3_stm32g4.a(vector.o)
exti1_isr                                         ../libopencm3/lib/libopencm3_stm32g4.a(vector.o)
exti2_isr                                         ../libopencm3/lib/libopencm3_stm32g4.a(vector.o)
exti3_isr                                         ../libopencm3/lib/libopencm3_stm32g4.a(vector.o)
exti4_isr                                         ../libopencm3/lib/libopencm3_stm32g4.a(vector.o)
exti9_5_isr                                       ../libopencm3/lib/libopencm3_stm32g4.a(vector.o)
fdcan1_it0_isr                                    ../libopencm3/lib/libopencm3_stm32g4.a(vector.o)
fdcan1_it1_isr                                    ../libopencm3/lib/libopencm3_stm32g4.a(vector.o)
fdcan2_it0_isr                                    ../libopencm3/lib/libopencm3_stm32g4.a(vector.o)
fdcan2_it1_isr                                    ../libopencm3/lib/libopencm3_stm32g4.a(vector.o)
fdcan3_it0_isr                                    ../libopencm3/lib/libopencm3_stm32g4.a(vector.o)
fdcan3_it1_isr                                    ../libopencm3/lib/libopencm3_stm32g4.a(vector.o)
flash_dcache_disable                              ../libopencm3/lib/libopencm3_stm32g4.a(flash_common_idcache.o)
                                                  ../libopencm3/lib/libopencm3_stm32g4.a(rcc.o)
flash_dcache_enable                               ../libopencm3/lib/libopencm3_stm32g4.a(flash_common_idcache.o)
                                                  ../libopencm3/lib/libopencm3_stm32g4.a(rcc.o)
flash_dcache_reset                                ../libopencm3/lib/libopencm3_stm32g4.a(flash_common_idcache.o)
flash_icache_disable                              ../libopencm3/lib/libopencm3_stm32g4.a(flash_common_idcache.o)
                                                  ../libopencm3/lib/libopencm3_stm32g4.a(rcc.o)
flash_icache_enable                               ../libopencm3/lib/libopencm3_stm32g4.a(flash_common_idcache.o)
                                                  ../libopencm3/lib/libopencm3_stm32g4.a(rcc.o)
flash_icache_reset                                ../libopencm3/lib/libopencm3_stm32g4.a(flash_common_idcache.o)
flash_isr                                         ../libopencm3/lib/libopencm3_stm32g4.a(vector.o)
flash_prefetch_disable                            ../libopencm3/lib/libopencm3_stm32g4.a(flash_common_all.o)
flash_prefetch_enable                             ../libopencm3/lib/libopencm3_stm32g4.a(flash_common_all.o)
flash_set_ws                                      ../libopencm3/lib/libopencm3_stm32g4.a(flash_common_all.o)
                                                  ../libopencm3/lib/libopencm3_stm32g4.a(rcc.o)
flash_unlock_option_bytes                         ../libopencm3/lib/libopencm3_stm32g4.a(flash_common_all.o)
fmac_isr                                          ../libopencm3/lib/libopencm3_stm32g4.a(vector.o)
fpu_isr                                           ../libopencm3/lib/libopencm3_stm32g4.a(vector.o)
fsmc_isr                                          ../libopencm3/lib/libopencm3_stm32g4.a(vector.o)
gpio_clear                                        ../libopencm3/lib/libopencm3_stm32g4.a(gpio_common_all.o)
gpio_get                                          ../libopencm3/lib/libopencm3_stm32g4.a(gpio_common_all.o)
gpio_mode_setup                                   ../libopencm3/lib/libopencm3_stm32g4.a(gpio_common_f0234.o)
                                                  src/firmware.o
gpio_port_config_lock                             ../libopencm3/lib/libopencm3_stm32g4.a(gpio_common_all.o)
gpio_port_read                                    ../libopencm3/lib/libopencm3_stm32g4.a(gpio_common_all.o)
gpio_port_write                                   ../libopencm3/lib/libopencm3_stm32g4.a(gpio_common_all.o)
gpio_set                                          ../libopencm3/lib/libopencm3_stm32g4.a(gpio_common_all.o)
gpio_set_af                                       ../libopencm3/lib/libopencm3_stm32g4.a(gpio_common_f0234.o)
gpio_set_output_options                           ../libopencm3/lib/libopencm3_stm32g4.a(gpio_common_f0234.o)
gpio_toggle                                       ../libopencm3/lib/libopencm3_stm32g4.a(gpio_common_all.o)
                                                  src/firmware.o
hard_fault_handler                                ../libopencm3/lib/libopencm3_stm32g4.a(vector.o)
hrtim_fault_isr                                   ../libopencm3/lib/libopencm3_stm32g4.a(vector.o)
hrtim_master_isr                                  ../libopencm3/lib/libopencm3_stm32g4.a(vector.o)
hrtim_tima_isr                                    ../libopencm3/lib/libopencm3_stm32g4.a(vector.o)
hrtim_timb_isr                                    ../libopencm3/lib/libopencm3_stm32g4.a(vector.o)
hrtim_timc_isr                                    ../libopencm3/lib/libopencm3_stm32g4.a(vector.o)
hrtim_timd_isr                                    ../libopencm3/lib/libopencm3_stm32g4.a(vector.o)
hrtim_time_isr                                    ../libopencm3/lib/libopencm3_stm32g4.a(vector.o)
hrtim_timf_isr                                    ../libopencm3/lib/libopencm3_stm32g4.a(vector.o)
i2c1_er_isr                                       ../libopencm3/lib/libopencm3_stm32g4.a(vector.o)
i2c1_ev_isr                                       ../libopencm3/lib/libopencm3_stm32g4.a(vector.o)
i2c2_er_isr                                       ../libopencm3/lib/libopencm3_stm32g4.a(vector.o)
i2c2_ev_isr                                       ../libopencm3/lib/libopencm3_stm32g4.a(vector.o)
i2c3_er_isr                                       ../libopencm3/lib/libopencm3_stm32g4.a(vector.o)
i2c3_ev_isr                                       ../libopencm3/lib/libopencm3_stm32g4.a(vector.o)
i2c4_er_isr                                       ../libopencm3/lib/libopencm3_stm32g4.a(vector.o)
i2c4_ev_isr                                       ../libopencm3/lib/libopencm3_stm32g4.a(vector.o)
lptim1_isr                                        ../libopencm3/lib/libopencm3_stm32g4.a(vector.o)
lpuart_isr                                        ../libopencm3/lib/libopencm3_stm32g4.a(vector.o)
main                                              src/firmware.o
                                                  ../libopencm3/lib/libopencm3_stm32g4.a(vector.o)
mem_manage_handler                                ../libopencm3/lib/libopencm3_stm32g4.a(vector.o)
nmi_handler                                       ../libopencm3/lib/libopencm3_stm32g4.a(vector.o)
null_handler                                      ../libopencm3/lib/libopencm3_stm32g4.a(vector.o)
pend_sv_handler                                   ../libopencm3/lib/libopencm3_stm32g4.a(vector.o)
pvd_isr                                           ../libopencm3/lib/libopencm3_stm32g4.a(vector.o)
pwr_disable_backup_domain_write_protect           ../libopencm3/lib/libopencm3_stm32g4.a(pwr.o)
pwr_disable_boost                                 ../libopencm3/lib/libopencm3_stm32g4.a(pwr.o)
                                                  ../libopencm3/lib/libopencm3_stm32g4.a(rcc.o)
pwr_disable_power_voltage_detect                  ../libopencm3/lib/libopencm3_stm32g4.a(pwr.o)
pwr_enable_backup_domain_write_protect            ../libopencm3/lib/libopencm3_stm32g4.a(pwr.o)
pwr_enable_boost                                  ../libopencm3/lib/libopencm3_stm32g4.a(pwr.o)
                                                  ../libopencm3/lib/libopencm3_stm32g4.a(rcc.o)
pwr_enable_power_voltage_detect                   ../libopencm3/lib/libopencm3_stm32g4.a(pwr.o)
pwr_set_low_power_mode_selection                  ../libopencm3/lib/libopencm3_stm32g4.a(pwr.o)
pwr_set_vos_scale                                 ../libopencm3/lib/libopencm3_stm32g4.a(pwr.o)
                                                  ../libopencm3/lib/libopencm3_stm32g4.a(rcc.o)
quadspi_isr                                       ../libopencm3/lib/libopencm3_stm32g4.a(vector.o)
rcc_ahb_frequency                                 ../libopencm3/lib/libopencm3_stm32g4.a(rcc.o)
rcc_apb1_frequency                                ../libopencm3/lib/libopencm3_stm32g4.a(rcc.o)
rcc_apb2_frequency                                ../libopencm3/lib/libopencm3_stm32g4.a(rcc.o)
rcc_clock_setup_hse_3v3                           ../libopencm3/lib/libopencm3_stm32g4.a(rcc.o)
rcc_clock_setup_pll                               ../libopencm3/lib/libopencm3_stm32g4.a(rcc.o)
                                                  src/firmware.o
rcc_css_disable                                   ../libopencm3/lib/libopencm3_stm32g4.a(rcc.o)
rcc_css_enable                                    ../libopencm3/lib/libopencm3_stm32g4.a(rcc.o)
rcc_css_int_clear                                 ../libopencm3/lib/libopencm3_stm32g4.a(rcc.o)
rcc_css_int_flag                                  ../libopencm3/lib/libopencm3_stm32g4.a(rcc.o)
rcc_get_div_from_hpre                             ../libopencm3/lib/libopencm3_stm32g4.a(rcc_common_all.o)
                                                  ../libopencm3/lib/libopencm3_stm32g4.a(rcc.o)
rcc_get_usart_clk_freq                            ../libopencm3/lib/libopencm3_stm32g4.a(rcc.o)
rcc_hse_12mhz_3v3                                 ../libopencm3/lib/libopencm3_stm32g4.a(rcc.o)
rcc_hse_16mhz_3v3                                 ../libopencm3/lib/libopencm3_stm32g4.a(rcc.o)
rcc_hse_24mhz_3v3                                 ../libopencm3/lib/libopencm3_stm32g4.a(rcc.o)
rcc_hse_8mhz_3v3                                  ../libopencm3/lib/libopencm3_stm32g4.a(rcc.o)
rcc_hsi_configs                                   ../libopencm3/lib/libopencm3_stm32g4.a(rcc.o)
                                                  src/firmware.o
rcc_is_osc_ready                                  ../libopencm3/lib/libopencm3_stm32g4.a(rcc.o)
rcc_isr                                           ../libopencm3/lib/libopencm3_stm32g4.a(vector.o)
rcc_osc_bypass_disable                            ../libopencm3/lib/libopencm3_stm32g4.a(rcc_common_all.o)
rcc_osc_bypass_enable                             ../libopencm3/lib/libopencm3_stm32g4.a(rcc_common_all.o)
rcc_osc_off                                       ../libopencm3/lib/libopencm3_stm32g4.a(rcc.o)
rcc_osc_on                                        ../libopencm3/lib/libopencm3_stm32g4.a(rcc.o)
rcc_osc_ready_int_clear                           ../libopencm3/lib/libopencm3_stm32g4.a(rcc.o)
rcc_osc_ready_int_disable                         ../libopencm3/lib/libopencm3_stm32g4.a(rcc.o)
rcc_osc_ready_int_enable                          ../libopencm3/lib/libopencm3_stm32g4.a(rcc.o)
rcc_osc_ready_int_flag                            ../libopencm3/lib/libopencm3_stm32g4.a(rcc.o)
rcc_periph_clock_disable                          ../libopencm3/lib/libopencm3_stm32g4.a(rcc_common_all.o)
rcc_periph_clock_enable                           ../libopencm3/lib/libopencm3_stm32g4.a(rcc_common_all.o)
                                                  ../libopencm3/lib/libopencm3_stm32g4.a(rcc.o)
                                                  src/firmware.o
rcc_periph_reset_hold                             ../libopencm3/lib/libopencm3_stm32g4.a(rcc_common_all.o)
rcc_periph_reset_pulse                            ../libopencm3/lib/libopencm3_stm32g4.a(rcc_common_all.o)
rcc_periph_reset_release                          ../libopencm3/lib/libopencm3_stm32g4.a(rcc_common_all.o)
rcc_peripheral_clear_reset                        ../libopencm3/lib/libopencm3_stm32g4.a(rcc_common_all.o)
rcc_peripheral_disable_clock                      ../libopencm3/lib/libopencm3_stm32g4.a(rcc_common_all.o)
rcc_peripheral_enable_clock                       ../libopencm3/lib/libopencm3_stm32g4.a(rcc_common_all.o)
rcc_peripheral_reset                              ../libopencm3/lib/libopencm3_stm32g4.a(rcc_common_all.o)
rcc_set_clock48_source                            ../libopencm3/lib/libopencm3_stm32g4.a(rcc.o)
rcc_set_hpre                                      ../libopencm3/lib/libopencm3_stm32g4.a(rcc.o)
rcc_set_main_pll                                  ../libopencm3/lib/libopencm3_stm32g4.a(rcc.o)
rcc_set_mco                                       ../libopencm3/lib/libopencm3_stm32g4.a(rcc_common_all.o)
rcc_set_pll_source                                ../libopencm3/lib/libopencm3_stm32g4.a(rcc.o)
rcc_set_ppre1                                     ../libopencm3/lib/libopencm3_stm32g4.a(rcc.o)
rcc_set_ppre2                                     ../libopencm3/lib/libopencm3_stm32g4.a(rcc.o)
rcc_set_sysclk_source                             ../libopencm3/lib/libopencm3_stm32g4.a(rcc.o)
rcc_system_clock_source                           ../libopencm3/lib/libopencm3_stm32g4.a(rcc.o)
rcc_wait_for_osc_ready                            ../libopencm3/lib/libopencm3_stm32g4.a(rcc.o)
rcc_wait_for_sysclk_status                        ../libopencm3/lib/libopencm3_stm32g4.a(rcc.o)
reset_handler                                     ../libopencm3/lib/libopencm3_stm32g4.a(vector.o)
rng_isr                                           ../libopencm3/lib/libopencm3_stm32g4.a(vector.o)
rtc_alarm_isr                                     ../libopencm3/lib/libopencm3_stm32g4.a(vector.o)
rtc_tamp_css_isr                                  ../libopencm3/lib/libopencm3_stm32g4.a(vector.o)
rtc_wkup_isr                                      ../libopencm3/lib/libopencm3_stm32g4.a(vector.o)
sai_isr                                           ../libopencm3/lib/libopencm3_stm32g4.a(vector.o)
spi1_isr                                          ../libopencm3/lib/libopencm3_stm32g4.a(vector.o)
spi2_isr                                          ../libopencm3/lib/libopencm3_stm32g4.a(vector.o)
spi3_isr                                          ../libopencm3/lib/libopencm3_stm32g4.a(vector.o)
spi4_isr                                          ../libopencm3/lib/libopencm3_stm32g4.a(vector.o)
sv_call_handler                                   ../libopencm3/lib/libopencm3_stm32g4.a(vector.o)
sys_tick_handler                                  ../libopencm3/lib/libopencm3_stm32g4.a(vector.o)
tim1_brk_tim15_isr                                ../libopencm3/lib/libopencm3_stm32g4.a(vector.o)
tim1_cc_isr                                       ../libopencm3/lib/libopencm3_stm32g4.a(vector.o)
tim1_trg_tim17_isr                                ../libopencm3/lib/libopencm3_stm32g4.a(vector.o)
tim1_up_tim16_isr                                 ../libopencm3/lib/libopencm3_stm32g4.a(vector.o)
tim20_brk_isr                                     ../libopencm3/lib/libopencm3_stm32g4.a(vector.o)
tim20_cc_isr                                      ../libopencm3/lib/libopencm3_stm32g4.a(vector.o)
tim20_trg_isr                                     ../libopencm3/lib/libopencm3_stm32g4.a(vector.o)
tim20_up_isr                                      ../libopencm3/lib/libopencm3_stm32g4.a(vector.o)
tim2_isr                                          ../libopencm3/lib/libopencm3_stm32g4.a(vector.o)
tim3_isr                                          ../libopencm3/lib/libopencm3_stm32g4.a(vector.o)
tim4_isr                                          ../libopencm3/lib/libopencm3_stm32g4.a(vector.o)
tim5_isr                                          ../libopencm3/lib/libopencm3_stm32g4.a(vector.o)
tim6_dac13under_isr                               ../libopencm3/lib/libopencm3_stm32g4.a(vector.o)
tim7_dac24under_isr                               ../libopencm3/lib/libopencm3_stm32g4.a(vector.o)
tim8_brk_isr                                      ../libopencm3/lib/libopencm3_stm32g4.a(vector.o)
tim8_cc_isr                                       ../libopencm3/lib/libopencm3_stm32g4.a(vector.o)
tim8_trg_isr                                      ../libopencm3/lib/libopencm3_stm32g4.a(vector.o)
tim8_up_isr                                       ../libopencm3/lib/libopencm3_stm32g4.a(vector.o)
uart4_isr                                         ../libopencm3/lib/libopencm3_stm32g4.a(vector.o)
uart5_isr                                         ../libopencm3/lib/libopencm3_stm32g4.a(vector.o)
ucpd1_isr                                         ../libopencm3/lib/libopencm3_stm32g4.a(vector.o)
usage_fault_handler                               ../libopencm3/lib/libopencm3_stm32g4.a(vector.o)
usart1_isr                                        ../libopencm3/lib/libopencm3_stm32g4.a(vector.o)
usart2_isr                                        ../libopencm3/lib/libopencm3_stm32g4.a(vector.o)
usart3_isr                                        ../libopencm3/lib/libopencm3_stm32g4.a(vector.o)
usb_hp_isr                                        ../libopencm3/lib/libopencm3_stm32g4.a(vector.o)
usb_lp_isr                                        ../libopencm3/lib/libopencm3_stm32g4.a(vector.o)
usb_wakeup_isr                                    ../libopencm3/lib/libopencm3_stm32g4.a(vector.o)
vector_table                                      ../libopencm3/lib/libopencm3_stm32g4.a(vector.o)
wwdg_isr                                          ../libopencm3/lib/libopencm3_stm32g4.a(vector.o)
